node.exe : npm warn deprecated stable@0.1.8: Modern JS already guarantees Array#sort() is a stable sort, so this librar
y is deprecated. See the compatibility table on MDN: https://developer.mozilla.org/en-US/docs/Web/JavaScript/Reference/
Global_Objects/Array/sort#browser_compatibility
所在位置 行:1 字符: 1
+ & "C:\Users\Zone\AppData\Local\Doubao\User Data\sandbox_runtime\bases ...
+ ~~~~~~~~~~~~~~~~~~~~~~~~~~~~~~~~~~~~~~~~~~~~~~~~~~~~~~~~~~~~~~~~~~~~~
    + CategoryInfo          : NotSpecified: (npm warn deprec...r_compatibility:String) [], RemoteException
    + FullyQualifiedErrorId : NativeCommandError
 
npm warn deprecated source-map-url@0.4.1: See https://github.com/lydell/source-map-url#deprecated
npm warn deprecated urix@0.1.0: Please see https://github.com/lydell/urix#deprecated
npm warn deprecated resolve-url@0.2.1: https://github.com/lydell/resolve-url#deprecated
npm warn deprecated uuid@3.4.0: Please upgrade  to version 7 or higher.  Older versions may use Math.random() in certai
n circumstances, which is known to be problematic.  See https://v8.dev/blog/math-random for details.
npm warn deprecated source-map-resolve@0.5.3: See https://github.com/lydell/source-map-resolve#deprecated
npm warn deprecated acorn-dynamic-import@2.0.2: This is probably built in to whatever tool you're using. If you still n
eed it... idk
npm warn deprecated consolidate@0.14.5: Please upgrade to consolidate v1.0.0+ as it has been modernized with several lo
ng-awaited fixes implemented. Maintenance is supported by Forward Email at https://forwardemail.net ; follow/watch http
s://github.com/ladjs/consolidate for updates and release changelog
npm warn deprecated q@1.5.1: You or someone you depend on is using Q, the JavaScript Promise library that gave JavaScri
pt developers strong feelings about promises. They can almost certainly migrate to the native JavaScript promise now. T
hank you literally everyone for joining me in this bet against the odds. Be excellent to each other.
npm warn deprecated
npm warn deprecated (For a CapTP with native promises, see @endo/eventual-send and @endo/captp)
npm warn deprecated flatten@1.0.3: flatten is deprecated in favor of utility frameworks such as lodash.
npm warn deprecated bfj-node4@5.3.1: Switch to the `bfj` package for fixes and new features!
npm warn deprecated copy-concurrently@1.0.5: This package is no longer supported.
npm warn deprecated fs-write-stream-atomic@1.0.10: This package is no longer supported.
npm warn deprecated inflight@1.0.6: This module is not supported, and leaks memory. Do not use it. Check out lru-cache 
if you want a good and tested way to coalesce async requests by a key value, which is much more comprehensive and power
ful.
npm warn deprecated uglify-es@3.3.10: support for ECMAScript is superseded by `uglify-js` as of v3.13.0 ([WARNING] Use 
3.3.9 instead of 3.3.10, reason: see https://github.com/mishoo/UglifyJS2/issues/2896)
npm warn deprecated move-concurrently@1.0.1: This package is no longer supported.
npm warn deprecated glob@7.2.3: Glob versions prior to v9 are no longer supported
npm warn deprecated svgo@0.7.2: This SVGO version is no longer supported. Upgrade to v2.x.x.
npm warn deprecated rimraf@2.7.1: Rimraf versions prior to v4 are no longer supported
npm warn deprecated browserslist@2.11.3: Browserslist 2 could fail on reading Browserslist >3.0 config used in other to
ols.
npm warn deprecated extract-text-webpack-plugin@3.0.2: Deprecated. Please use https://github.com/webpack-contrib/mini-c
ss-extract-plugin
npm warn deprecated html-webpack-plugin@2.30.1: out of support
npm warn deprecated axios@0.18.1: Critical security vulnerability fixed in v0.21.1. For more information, see https://g
ithub.com/axios/axios/pull/3410
npm warn deprecated browserslist@1.7.7: Browserslist 2 could fail on reading Browserslist >3.0 config used in other too
ls.
npm warn deprecated svgo@1.3.2: This SVGO version is no longer supported. Upgrade to v2.x.x.
npm warn deprecated browserslist@1.7.7: Browserslist 2 could fail on reading Browserslist >3.0 config used in other too
ls.
npm warn deprecated browserslist@1.7.7: Browserslist 2 could fail on reading Browserslist >3.0 config used in other too
ls.
npm warn deprecated vue@2.7.16: Vue 2 has reached EOL and is no longer actively maintained. See https://v2.vuejs.org/eo
l/ for more details.
npm warn deprecated core-js@2.6.12: core-js@<3.23.3 is no longer maintained and not recommended for usage due to the nu
mber of issues. Because of the V8 engine whims, feature detection in old core-js versions could cause a slowdown up to 
100x even if nothing is polyfilled. Some versions have web compatibility issues. Please, upgrade your dependencies to t
he actual version of core-js.

added 1367 packages in 26s

125 packages are looking for funding
  run `npm fund` for details
